----------------------------------------------------------------------------------------------------
------------------------------------ MegaLinter, by OX Security ------------------------------------
----------------------------------------------------------------------------------------------------
 - Image Creation Date: 2026-02-28T10:08:53Z
 - Image Revision: 8fbdead70d1409964ab3d5afa885e18ee85388bb
 - Image Version: v9.4.0
----------------------------------------------------------------------------------------------------
The MegaLinter documentation can be found at:
 - https://megalinter.io/9.4.0
----------------------------------------------------------------------------------------------------
MegaLinter initialization
MegaLinter will analyze workspace [/tmp/lint]

[Activation] ANSIBLE_ANSIBLE_LINT has been set inactive, as none of these files has been found: ['.ansible-lint', '.ansible-lint.yml', '.ansible-lint.yaml', '.config/ansible-lint.yml', '.config/ansible-lint.yaml']
[Activation] EDITORCONFIG_EDITORCONFIG_CHECKER has been set inactive, as none of these files has been found: ['.editorconfig']
[Activation] JAVASCRIPT_ES has been set inactive, as none of these files has been found: ['.eslintrc.json', '.eslintrc.yml', '.eslintrc.yaml', '.eslintrc.js', '.eslintrc.cjs', 'package.json:eslintConfig']
[Activation] JSON_NPM_PACKAGE_JSON_LINT has been set inactive, as none of these files has been found: ['package.json']
[Activation] JSX_ESLINT has been set inactive, as none of these files has been found: ['eslint.config.js', 'eslint.config.mjs', 'eslint.config.cjs', '.eslintrc.json', '.eslintrc.yml', '.eslintrc.yaml', '.eslintrc.js', '.eslintrc.cjs', 'package.json:eslintConfig']
[Activation] KUBERNETES_KUBECONFORM has been set inactive, as subdirectory has not been found: kubernetes (set value "any" to always activate)
[Activation] KUBERNETES_HELM has been set inactive, as none of these files has been found: ['Chart.yml', 'Chart.yaml']
[Activation] KUBERNETES_KUBESCAPE has been set inactive, as none of these files has been found: ['Chart.yml', 'Chart.yaml']
[Activation] REPOSITORY_LS_LINT has been set inactive, as none of these files has been found: ['.ls-lint.yml']
[SemgrepLinter] Deactivated because no ruleset has been defined
[Activation] SALESFORCE_CODE_ANALYZER_APEX has been set inactive, as subdirectory has not been found: force-app (set value "any" to always activate)
[Activation] SALESFORCE_CODE_ANALYZER_AURA has been set inactive, as subdirectory has not been found: force-app (set value "any" to always activate)
[Activation] SALESFORCE_CODE_ANALYZER_LWC has been set inactive, as subdirectory has not been found: force-app (set value "any" to always activate)
[Activation] SALESFORCE_SFDX_SCANNER_APEX has been set inactive, as subdirectory has not been found: force-app (set value "any" to always activate)
[Activation] SALESFORCE_SFDX_SCANNER_AURA has been set inactive, as subdirectory has not been found: force-app (set value "any" to always activate)
[Activation] SALESFORCE_SFDX_SCANNER_LWC has been set inactive, as subdirectory has not been found: force-app (set value "any" to always activate)
[Activation] SALESFORCE_LIGHTNING_FLOW_SCANNER has been set inactive, as subdirectory has not been found: force-app (set value "any" to always activate)
[Activation] SQL_SQLFLUFF has been set inactive, as none of these files has been found: ['.sqlfluff']
[Activation] SWIFT_SWIFTLINT has been set inactive, as none of these files has been found: ['.swiftlint.yml']
[Activation] TSX_ESLINT has been set inactive, as none of these files has been found: ['.eslintrc.json', '.eslintrc.yml', '.eslintrc.yaml', '.eslintrc.js', '.eslintrc.cjs', 'package.json:eslintConfig']
[Activation] TYPESCRIPT_ES has been set inactive, as none of these files has been found: ['.eslintrc.json', '.eslintrc.yml', '.eslintrc.yaml', '.eslintrc.js', '.eslintrc.cjs', 'package.json:eslintConfig']
JSON_ESLINT_PLUGIN_JSONC has been disabled in MegaLinter for the following reason: Bug in eslint-plugin-jsonc: <https://github.com/ota-meshi/eslint-plugin-jsonc/issues/328>
LUA_SELENE has been disabled in MegaLinter for the following reason: https://github.com/Kampfkarren/selene/issues/662
MAKEFILE_CHECKMAKE has been disabled in MegaLinter for the following reason: Security issues: <https://github.com/checkmake/checkmake/issues/99>
MARKDOWN_REMARK_LINT has been disabled in MegaLinter for the following reason: Bug in remark-lint: <https://github.com/remarkjs/remark-lint/issues/322>
PUPPET_PUPPET_LINT has been disabled in MegaLinter for the following reason: <https://github.com/puppetlabs/puppet-lint/issues/251>
SALESFORCE_LIGHTNING_FLOW_SCANNER has been disabled in MegaLinter for the following reason: Repo archived -> <https://github.com/Lightning-Flow-Scanner>
Skipped linters: ANSIBLE_ANSIBLE_LINT, COPYPASTE_JSCPD, EDITORCONFIG_EDITORCONFIG_CHECKER, JAVASCRIPT_ES, JAVASCRIPT_PRETTIER, JSON_ESLINT_PLUGIN_JSONC, JSON_NPM_PACKAGE_JSON_LINT, JSX_ESLINT, KUBERNETES_HELM, KUBERNETES_KUBECONFORM, KUBERNETES_KUBESCAPE, LUA_SELENE, MAKEFILE_CHECKMAKE, MARKDOWN_REMARK_LINT, MARKDOWN_RUMDL, PUPPET_PUPPET_LINT, PYTHON_RUFF_FORMAT, REPOSITORY_LS_LINT, REPOSITORY_SEMGREP, SALESFORCE_CODE_ANALYZER_APEX, SALESFORCE_CODE_ANALYZER_AURA, SALESFORCE_CODE_ANALYZER_LWC, SALESFORCE_LIGHTNING_FLOW_SCANNER, SALESFORCE_SFDX_SCANNER_APEX, SALESFORCE_SFDX_SCANNER_AURA, SALESFORCE_SFDX_SCANNER_LWC, SPELL_CODESPELL, SPELL_CSPELL, SPELL_LYCHEE, SPELL_PROSELINT, SPELL_VALE, SQL_SQLFLUFF, SWIFT_SWIFTLINT, TSX_ESLINT, TYPESCRIPT_ES, TYPESCRIPT_PRETTIER
[ApiReporter] Not enabled as API_REPORTER is not defined to true
To receive reports as email, please set variable EMAIL_REPORTER_EMAIL

MegaLinter now collects the files to analyse
Listing all files in directory [/tmp/lint], then filter with:
- File extensions: , .R, .RMD, .Rmd, .bash, .bicep, .c, .c++, .cc, .cdxml, .clj, .cljc, .cljs, .coffee, .config, .cpp, .cs, .csproj, .css, .cu, .cuh, .cxx, .dart, .dash, .edn, .env, .feature, .go, .gradle, .graphql, .groovy, .gvy, .h, .h++, .hcl, .hh, .hpp, .htm, .html, .hxx, .ipynb, .java, .js, .json, .ksh, .kt, .kts, .lua, .md, .nf, .p6, .php, .pl, .pl6, .pm, .pm6, .props, .proto, .ps1, .ps1xml, .psd1, .psm1, .psrc, .pssc, .pxd, .py, .pyi, .pyx, .r, .raku, .rakumod, .rakutest, .rb, .resource, .robot, .rs, .rst, .saas, .scala, .scss, .sh, .smk, .sql, .t, .targets, .tex, .tf, .ts, .vb, .xml, .xsd, .yaml, .yml
- File names (regex): (.*\.)?Dockerfile, Containerfile, Jenkinsfile, Snakefile
- Excluding .gitignored files [3]: .ruff_cache/.gitignore, .ruff_cache/0.15.4/15837365710433059507, .ruff_cache/CACHEDIR.TAG
Kept [16] files on [21] found files

+----MATCHING LINTERS-------------------+---------------------------------+----------------+------------+
| Descriptor | Linter                   | Criteria                        | Matching files | Format/Fix |
+------------+--------------------------+---------------------------------+----------------+------------+
| PYTHON     | pylint                   | .py|.pyi                        | 1              | no         |
| PYTHON     | black                    | .py|.pyi|.ipynb                 | 1              | no         |
| PYTHON     | flake8                   | .py                             | 1              | no         |
| PYTHON     | isort                    | .py|.pyi|.pyx|.pxd              | 1              | no         |
| PYTHON     | bandit                   | .py|.pyi|.ipynb                 | 1              | no         |
| PYTHON     | mypy                     | .py|.pyi                        | 1              | no         |
| PYTHON     | pyright                  | .py|.pyi                        | 1              | no         |
| PYTHON     | ruff                     | .py|.pyi|.ipynb                 | 1              | no         |
| ACTION     | actionlint               | .yml|.yaml                      | 1              | no         |
| BASH       | bash-exec                | |.sh|.bash|.dash|.ksh           | 1              | no         |
| BASH       | shellcheck               | |.sh|.bash|.dash|.ksh           | 1              | no         |
| BASH       | shfmt                    | |.sh|.bash|.dash|.ksh           | 1              | no         |
| DOCKERFILE | hadolint                 | Containerfile|(.*\.)?Dockerfile | 1              | no         |
| GO         | golangci-lint            | .go                             | project        | no         |
| GO         | revive                   | .go                             | 1              | no         |
| JAVA       | checkstyle               | .java                           | 1              | no         |
| JAVA       | pmd                      | .java                           | 1              | no         |
| JAVASCRIPT | standard                 | .js                             | 1              | no         |
| JSON       | jsonlint                 | .json                           | 2              | no         |
| JSON       | v8r                      | .json                           | 2              | no         |
| JSON       | prettier                 | .json                           | 2              | no         |
| MARKDOWN   | markdownlint             | .md                             | 4              | no         |
| MARKDOWN   | markdown-table-formatter | .md                             | 4              | no         |
| REPOSITORY | checkov                  |                                 | project        | no         |
| REPOSITORY | devskim                  |                                 | project        | no         |
| REPOSITORY | dustilock                |                                 | project        | no         |
| REPOSITORY | git_diff                 |                                 | project        | no         |
| REPOSITORY | gitleaks                 |                                 | project        | no         |
| REPOSITORY | grype                    |                                 | project        | no         |
| REPOSITORY | kics                     |                                 | project        | no         |
| REPOSITORY | secretlint               |                                 | project        | no         |
| REPOSITORY | syft                     |                                 | project        | no         |
| REPOSITORY | trivy                    |                                 | project        | no         |
| REPOSITORY | trivy-sbom               |                                 | project        | no         |
| REPOSITORY | trufflehog               |                                 | project        | no         |
| REPOSITORY | kingfisher               |                                 | project        | no         |
| TYPESCRIPT | ts-standard              | .ts                             | 1              | no         |
| YAML       | prettier                 | .yml|.yaml                      | 3              | no         |
| YAML       | yamllint                 | .yml|.yaml                      | 3              | no         |
| YAML       | v8r                      | .yml|.yaml                      | 3              | no         |
+------------+--------------------------+---------------------------------+----------------+------------+

Processing linters on [16] parallel cores… (can be decreased with variable PARALLEL_PROCESS_NUMBER in case of performance issues)
[32m✅ Linted [REPOSITORY] files with [trivy-sbom] successfully - (0.62s)[0m
- Using [trivy-sbom v0.69.1] https://megalinter.io/9.4.0/descriptors/repository_trivy_sbom
- MegaLinter key: [REPOSITORY_TRIVY_SBOM]
- Rules config: identified by [trivy-sbom]
- CWD: [/tmp/lint]
- Command: [trivy fs --format cyclonedx .]

[32m✅ Linted [ACTION] files with [actionlint] successfully - (0.01s)[0m
- Using [actionlint v1.7.11] https://megalinter.io/9.4.0/descriptors/action_actionlint
- MegaLinter key: [ACTION_ACTIONLINT]
- Rules config: identified by [actionlint]
- Number of files analyzed: [1]
- CWD: [/tmp/lint]
- Command: [actionlint .github/workflows/megalinter.yml]

[32m✅ Linted [BASH] files with [bash-exec] successfully - (0.01s)[0m
- Using [bash-exec v5.3.3] https://megalinter.io/9.4.0/descriptors/bash_bash_exec
- MegaLinter key: [BASH_EXEC]
- Rules config: identified by [bash-exec]
- Number of files analyzed: [1]
- CWD: [/tmp/lint]
- Command: [bash-exec scripts/deploy.sh]

[32m✅ Linted [BASH] files with [shellcheck] successfully - (0.02s)[0m
- Using [shellcheck v0.11.0] https://megalinter.io/9.4.0/descriptors/bash_shellcheck
- MegaLinter key: [BASH_SHELLCHECK]
- Rules config: identified by [shellcheck]
- Number of files analyzed: [1]
- CWD: [/tmp/lint]
- Command: [shellcheck --color=auto --external-sources scripts/deploy.sh]

[32m✅ Linted [BASH] files with [shfmt] successfully - (0.1s)[0m
- Using [shfmt v3.12.0] https://megalinter.io/9.4.0/descriptors/bash_shfmt
- MegaLinter key: [BASH_SHFMT]
- Rules config: identified by [shfmt]
- Number of files analyzed: [1]
- CWD: [/tmp/lint]
- Command: [shfmt -d scripts/deploy.sh]

[32m✅ Linted [DOCKERFILE] files with [hadolint] successfully - (0.04s)[0m
- Using [hadolint v2.14.0] https://megalinter.io/9.4.0/descriptors/dockerfile_hadolint
- MegaLinter key: [DOCKERFILE_HADOLINT]
- Rules config: [.hadolint.yaml]
- Number of files analyzed: [1]
- CWD: [/tmp/lint]
- Command: [hadolint --config /action/lib/.automation/.hadolint.yaml Dockerfile]

[32m✅ Linted [REPOSITORY] files with [devskim] successfully - (1.9s)[0m
- Using [devskim v1.0.70] https://megalinter.io/9.4.0/descriptors/repository_devskim
- MegaLinter key: [REPOSITORY_DEVSKIM]
- Rules config: [.devskim.json]
- CWD: [/tmp/lint]
- Command: [devskim analyze --options-json /action/lib/.automation/.devskim.json --source-code . -E]

[32m✅ Linted [REPOSITORY] files with [secretlint] successfully - (2.75s)[0m
- Using [secretlint v11.3.1] https://megalinter.io/9.4.0/descriptors/repository_secretlint
- MegaLinter key: [REPOSITORY_SECRETLINT]
- Rules config: [.secretlintrc.json]
- CWD: [/tmp/lint]
- Command: [secretlint --secretlintrc /action/lib/.automation/.secretlintrc.json **/*]

[32m✅ Linted [REPOSITORY] files with [trufflehog] successfully - (3.6s)[0m
- Using [trufflehog v3.93.6] https://megalinter.io/9.4.0/descriptors/repository_trufflehog
- MegaLinter key: [REPOSITORY_TRUFFLEHOG]
- Rules config: identified by [trufflehog]
- CWD: [/tmp/lint]
- Command: [trufflehog filesystem . --fail --only-verified --no-update --exclude-paths=/action/lib/.automation/.trufflehogignore]

[32m✅ Linted [PYTHON] files with [flake8] successfully - (4.78s)[0m
- Using [flake8 v7.3.0] https://megalinter.io/9.4.0/descriptors/python_flake8
- MegaLinter key: [PYTHON_FLAKE8]
- Rules config: [.flake8]
- Number of files analyzed: [1]
- CWD: [/tmp/lint]
- Command: [flake8 --config /action/lib/.automation/.flake8 python/main.py]

[32m✅ Linted [PYTHON] files with [pyright] successfully - (5.29s)[0m
- Using [pyright v1.1.408] https://megalinter.io/9.4.0/descriptors/python_pyright
- MegaLinter key: [PYTHON_PYRIGHT]
- Rules config: identified by [pyright]
- Number of files analyzed: [1]
- CWD: [/tmp/lint]
- Command: [pyright python/main.py]

[32m✅ Linted [JAVA] files with [checkstyle] successfully - (1.89s)[0m
- Using [checkstyle v12.1.0] https://megalinter.io/9.4.0/descriptors/java_checkstyle
- MegaLinter key: [JAVA_CHECKSTYLE]
- Rules config: [sun_checks.xml]
- Number of files analyzed: [1]
- CWD: [/tmp/lint]
- Command: [java -jar /usr/bin/checkstyle -c /action/lib/.automation/sun_checks.xml java/Main.java]

[32m✅ Linted [JSON] files with [jsonlint] successfully - (0.27s)[0m
- Using [jsonlint v17.0.1] https://megalinter.io/9.4.0/descriptors/json_jsonlint
- MegaLinter key: [JSON_JSONLINT]
- Rules config: identified by [jsonlint]
- Number of files analyzed: [2]
- CWD: [/tmp/lint]
- Command: [jsonlint --quiet config/package.json tsconfig.json]

[32m✅ Linted [JSON] files with [prettier] successfully - (1.08s)[0m
- Using [prettier v3.8.1] https://megalinter.io/9.4.0/descriptors/json_prettier
- MegaLinter key: [JSON_PRETTIER]
- Rules config: identified by [prettier]
- Number of files analyzed: [2]
- CWD: [/tmp/lint]
- Command: [prettier --check config/package.json tsconfig.json]

[32m✅ Linted [PYTHON] files with [black] successfully - (7.4s)[0m
- Using [black v26.1.0] https://megalinter.io/9.4.0/descriptors/python_black
- MegaLinter key: [PYTHON_BLACK]
- Rules config: [pyproject.toml]
- Number of files analyzed: [1]
- CWD: [/tmp/lint]
- Command: [black --diff --check --config /action/lib/.automation/pyproject.toml python/main.py]

[32m✅ Linted [MARKDOWN] files with [markdown-table-formatter] successfully - (1.21s)[0m
- Using [markdown-table-formatter v1.7.0] https://megalinter.io/9.4.0/descriptors/markdown_markdown_table_formatter
- MegaLinter key: [MARKDOWN_MARKDOWN_TABLE_FORMATTER]
- Rules config: identified by [markdown-table-formatter]
- Number of files analyzed: [4]
- CWD: [/tmp/lint]
- Command: [markdown-table-formatter --check .agents/skills/megalinter-enforcer/SKILL.md README.md docs/MEGALINTER_FIXES.md docs/README.md]

[32m✅ Linted [REPOSITORY] files with [dustilock] successfully - (0.29s)[0m
- Using [dustilock v1.2.0] https://megalinter.io/9.4.0/descriptors/repository_dustilock
- MegaLinter key: [REPOSITORY_DUSTILOCK]
- Rules config: identified by [dustilock]
- CWD: [/tmp/lint]
- Command: [dustilock --recursive]

[32m✅ Linted [REPOSITORY] files with [gitleaks] successfully - (0.13s)[0m
- Using [gitleaks v8.30.0] https://megalinter.io/9.4.0/descriptors/repository_gitleaks
- MegaLinter key: [REPOSITORY_GITLEAKS]
- Rules config: [.gitleaks.toml]
- CWD: [/tmp/lint]
- Command: [gitleaks detect --redact -c /action/lib/.automation/.gitleaks.toml --verbose --source .]

[33m⚠️ Linted [MARKDOWN] files with [markdownlint]: Found 43 non blocking error(s) and 0 non blocking warning(s) - (2.98s)[0m
- Using [markdownlint v0.47.0] https://megalinter.io/9.4.0/descriptors/markdown_markdownlint
- MegaLinter key: [MARKDOWN_MARKDOWNLINT]
- Rules config: [.markdownlint.json]
- Number of files analyzed: [4]
- CWD: [/tmp/lint]
- Comm[33m⚠️ Linted [MARKDOWN] files with [markdownlint]: Found 43 non blocking error(s) and 0 non blocking warning(s) - (3.7s)[0m
- Using [markdownlint v0.47.0] https://megalinter.io/9.4.0/descriptors/markdown_markdownlint
- MegaLinter key: [MARKDOWN_MARKDOWNLINT]
- Rules config: [.markdownlint.json]
- Number of files analyzed: [4]
- CWD: [/tmp/lint]
- Command: [markdownlint -c /action/lib/.automation/.markdownlint.json .agents/skills/megalinter-enforcer/SKILL.md README.md docs/MEGALINTER_FIXES.md docs/README.md]
--Error detail:
docs/MEGALINTER_FIXES.md:8:1 error MD018/no-missing-space-atx No space after hash on atx style heading [Context: "#!|----------------|----------..."]
docs/MEGALINTER_FIXES.md:9:54 error MD009/no-trailing-spaces Trailing spaces [Expected: 0 or 2; Actual: 31]
docs/MEGALINTER_FIXES.md:10:54 error MD009/no-trailing-spaces Trailing spaces [Expected: 0 or 2; Actual: 31]
docs/MEGALINTER_FIXES.md:11:69 error MD009/no-trailing-spaces Trailing spaces [Expected: 0 or 2; Actual: 16]
docs/MEGALINTER_FIXES.md:12:78 error MD009/no-trailing-spaces Trailing spaces [Expected: 0 or 2; Actual: 7]
docs/MEGALINTER_FIXES.md:13:54 error MD009/no-trailing-spaces Trailing spaces [Expected: 0 or 2; Actual: 31]
docs/MEGALINTER_FIXES.md:14:76 error MD009/no-trailing-spaces Trailing spaces [Expected: 0 or 2; Actual: 9]
docs/MEGALINTER_FIXES.md:15:79 error MD009/no-trailing-spaces Trailing spaces [Expected: 0 or 2; Actual: 6]
docs/MEGALINTER_FIXES.md:16:80 error MD009/no-trailing-spaces Trailing spaces [Expected: 0 or 2; Actual: 5]
docs/MEGALINTER_FIXES.md:17:72 error MD009/no-trailing-spaces Trailing spaces [Expected: 0 or 2; Actual: 13]
docs/MEGALINTER_FIXES.md:18:79 error MD009/no-trailing-spaces Trailing spaces [Expected: 0 or 2; Actual: 6]
docs/MEGALINTER_FIXES.md:19:74 error MD009/no-trailing-spaces Trailing spaces [Expected: 0 or 2; Actual: 11]
docs/MEGALINTER_FIXES.md:20:80 error MD009/no-trailing-spaces Trailing spaces [Expected: 0 or 2; Actual: 5]
docs/MEGALINTER_FIXES.md:21:76 error MD009/no-trailing-spaces Trailing spaces [Expected: 0 or 2; Actual: 9]
docs/MEGALINTER_FIXES.md:22:70 error MD009/no-trailing-spaces Trailing spaces [Expected: 0 or 2; Actual: 15]
docs/MEGALINTER_FIXES.md:23:84 error MD009/no-trailing-spaces Trailing spaces [Expected: 0 or 2; Actual: 1]
docs/MEGALINTER_FIXES.md:24:79 error MD009/no-trailing-spaces Trailing spaces [Expected: 0 or 2; Actual: 6]
docs/MEGALINTER_FIXES.md:25:78 error MD009/no-trailing-spaces Trailing spaces [Expected: 0 or 2; Actual: 7]
docs/MEGALINTER_FIXES.md:26:70 error MD009/no-trailing-spaces Trailing spaces [Expected: 0 or 2; Actual: 15]
docs/MEGALINTER_FIXES.md:27:74 error MD009/no-trailing-spaces Trailing spaces [Expected: 0 or 2; Actual: 11]
docs/MEGALINTER_FIXES.md:213 error MD024/no-duplicate-heading Multiple headings with the same content [Context: "After (Fix Branch - All Fixed)"]
docs/MEGALINTER_FIXES.md:299 error MD024/no-duplicate-heading Multiple headings with the same content [Context: "Key Fixes Applied"]
docs/MEGALINTER_FIXES.md:343 error MD024/no-duplicate-heading Multiple headings with the same content [Context: "After (Fix Branch - All Fixed)"]
docs/MEGALINTER_FIXES.md:369 error MD024/no-duplicate-heading Multiple headings with the same content [Context: "Key Fixes Applied"]
docs/MEGALINTER_FIXES.md:415 error MD024/no-duplicate-heading Multiple headings with the same content [Context: "After (Fix Branch - All Fixed)"]
docs/MEGALINTER_FIXES.md:443 error MD024/no-duplicate-heading Multiple headings with the same content [Context: "Key Fixes Applied"]
docs/MEGALINTER_FIXES.md:489 error MD024/no-duplicate-heading Multiple headings with the same content [Context: "After (Fix Branch - All Fixed)"]
docs/MEGALINTER_FIXES.md:527 error MD024/no-duplicate-heading Multiple headings with the same content [Context: "Key Fixes Applied"]
docs/MEGALINTER_FIXES.md:563 error MD024/no-duplicate-heading Multiple headings with the same content [Context: "After (Fix Branch - All Fixed)"]
docs/MEGALINTER_FIXES.md:586 error MD024/no-duplicate-heading Multiple headings with the same content [Context: "Key Fixes Applied"]
docs/MEGALINTER_FIXES.md:623 error MD024/no-duplicate-heading Multiple headings with the same content [Context: "After (Fix Branch - All Fixed)"]
docs/MEGALINTER_FIXES.md:660 error MD024/no-duplicate-heading Multiple headings with the same content [Context: "Key Fixes Applied"]
docs/MEGALINTER_FIXES.md:677 error MD040/fenced-code-language Fenced code blocks should have a language specified [Context: "```"]
docs/MEGALINTER_FIXES.md:686 error MD024/no-duplicate-heading Multiple headings with the same content [Context: "After (Fix Branch - All Fixed)"]
docs/MEGALINTER_FIXES.md:696 error MD040/fenced-code-language Fenced code blocks should have a language specified [Context: "```"]
docs/MEGALINTER_FIXES.md:726 error MD024/no-duplicate-heading Multiple headings with the same content [Context: "After (Fix Branch - All Fixed)"]
docs/MEGALINTER_FIXES.md:749 error MD024/no-duplicate-heading Multiple headings with the same content [Context: "Key Fixes Applied"]
docs/MEGALINTER_FIXES.md:784 error MD024/no-duplicate-heading Multiple headings with the same content [Context: "After (Fix Branch - All Fixed)"]
docs/MEGALINTER_FIXES.md:821 error MD024/no-duplicate-heading Multiple headings with the same content [Context: "Key Fixes Applied"]
docs/MEGALINTER_FIXES.md:856 error MD024/no-duplicate-heading Multiple headings with the same content [Context: "After (Fix Branch - All Fixed)"]
docs/MEGALINTER_FIXES.md:876 error MD024/no-duplicate-heading Multiple headings with the same content [Context: "Key Fixes Applied"]
README.md:15 error MD040/fenced-code-language Fenced code blocks should have a language specified [Context: "```"]
README.md:67 error MD040/fenced-code-language Fenced code blocks should have a language specified [Context: "```"][32m✅ Linted [YAML] files with [prettier] successfully - (0.83s)[0m
- Using [prettier v3.8.1] https://megalinter.io/9.4.0/descriptors/yaml_prettier
- MegaLinter key: [YAML_PRETTIER]
- Rules config: identified by [prettier]
- Number of files analyzed: [3]
- CWD: [/tmp/lint]
- Command: [prettier --check .github/workflows/megalinter.yml .mega-linter.yml config/settings.yml]

[32m✅ Linted [JSON] files with [v8r] successfully - (10.17s)[0m
- Using [v8r v6.0.0] https://megalinter.io/9.4.0/descriptors/json_v8r
- MegaLinter key: [JSON_V8R]
- Rules config: identified by [v8r]
- Number of files analyzed: [2]
- CWD: [/tmp/lint]
- Command: [v8r --ignore-errors config/package.json tsconfig.json]

[32m✅ Linted [JAVA] files with [pmd] successfully - (4.6s)[0m
- Using [pmd v7.22.0] https://megalinter.io/9.4.0/descriptors/java_pmd
- MegaLinter key: [JAVA_PMD]
- Rules config: [java-pmd-ruleset.xml]
- Number of files analyzed: [1]
- CWD: [/tmp/lint]
- Command: [/usr/bin/pmd/bin/pmd check --rulesets /action/lib/.automation/java-pmd-ruleset.xml --file-list /tmp/b87ecc09-3884-47fd-99ec-49009017c741-pmd-files.txt]

[32m✅ Linted [PYTHON] files with [ruff] successfully - (0.03s)[0m
- Using [ruff v0.15.4] https://megalinter.io/9.4.0/descriptors/python_ruff
- MegaLinter key: [PYTHON_RUFF]
- Rules config: [.ruff.toml]
- Number of files analyzed: [1]
- CWD: [/tmp/lint]
- Command: [ruff check --config /action/lib/.automation/.ruff.toml python/main.py]

[32m✅ Linted [REPOSITORY] files with [git_diff] successfully - (0.02s)[0m
- Using [git_diff v2.52.0] https://megalinter.io/9.4.0/descriptors/repository_git_diff
- MegaLinter key: [REPOSITORY_GIT_DIFF]
- Rules config: identified by [git_diff]
- CWD: [/tmp/lint]
- Command: [git diff --check]

[[32m✅ Linted [REPOSITORY] files with [syft] successfully - (3.95s)[0m
- Using [syft v1.42.1] https://megalinter.io/9.4.0/descriptors/repository_syft
- MegaLinter key: [REPOSITORY_SYFT]
- Rules config: identified by [syft]
- CWD: [/tmp/lint]
- Command: [syft scan .][[32m✅ Linted [REPOSITORY] files with [kingfisher] successfully - (6.69s)[0m
- Using [kingfisher v1.84.0] https://megalinter.io/9.4.0/descriptors/repository_kingfisher
- MegaLinter key: [REPOSITORY_KINGFISHER]
- Rules config: identified by [kingfisher]
- CWD: [/tmp/lint]
- Command: [kingfisher scan . --redact --git-history=none][[32m✅ Linted [YAML] files with [yamllint] successfully - (4.91s)[0m
- Using [yamllint v1.38.0] https://megalinter.io/9.4.0/descriptors/yaml_yamllint
- MegaLinter key: [YAML_YAMLLINT]
- Rules config: [.yamllint.yml]
- Number of files analyzed: [3]
- CWD: [/tmp/lint]
- Command: [yamllint --format standard -c /action/lib/.automation/.yamllint.yml .github/workflows/megalin[32m✅ Linted [PYTHON] files with [mypy] successfully - (17.64s)[0m
- Using [mypy v1.19.1] https://megalinter.io/9.4.0/descriptors/python_mypy
- MegaLinter key: [PYTHON_MYPY]
- Rules config: [.mypy.ini]
- Number of files analyzed: [1]
- CWD: [/tmp/lint]
- Command: [mypy --install-types --non-interactive --config-file /action/lib/.automation/.mypy.ini python/main.py]

[32m✅ Linted [YAML] files with [yamllint] successfully - (7.35s)[0m
- Using [yamllint v1.38.0] https://megalinter.io/9.4.0/descriptors/yaml_yamllint
- MegaLinter key: [YAML_YAMLLINT]
- Rules config: [.yamllint.yml]
- Number of files analyzed: [3]
- CWD: [/tmp/lint]
- Command: [yamllint --format standard -c /action/lib/.automation/.yamllint.yml .github/workflows/megalinter.yml .mega-linter.yml config/settings.yml]

[32m✅ Linted [JAVASCRIPT] files with [standard] successfully - (15.32s)[0m
- Using [standard v17.1.2] https://megalinter.io/9.4.0/descriptors/javascript_standard
- MegaLinter key: [JAVASCRIPT_STANDARD]
- Rules config: identified by [standard]
- Number of files analyzed: [1]
- CWD: [/tmp/lint]
- Command: [standard src/index.js]

[32m✅ Linted [REPOSITORY] files with [kics] successfully - (22.46s)[0m
- Using [kics v2.1.19] https://megalinter.io/9.4.0/descriptors/repository_kics
- MegaLinter key: [REPOSITORY_KICS]
- Rules config: identified by [kics]
- CWD: [/tmp/lint]
- Command: [kics scan --no-progress --path .]

[32m✅ Linted [PYTHON] files with [bandit] successfully - (22.52s)[0m
- Using [bandit v1.9.4] https://megalinter.io/9.4.0/descriptors/python_bandit
- MegaLinter key: [PYTHON_BANDIT]
- Rules config: [.bandit.yml]
- Number of files analyzed: [1]
- CWD: [/tmp/lint]
- Command: [bandit --quiet -c /action/lib/.automation/.bandit.yml python/main.py]
[32m✅ Linted [TYPESCRIPT] files with [ts-standard] successfully - (15.02s)[0m
- Using [ts-standard v12.0.2] https://megalinter.io/9.4.0/descriptors/typescript_ts_standard
- MegaLinter key: [TYPESCRIPT_STANDARD]
- Rules config: identified by [ts-standard]
- Number of files analyzed: [1]
- CWD: [/tmp/lint]
- Command: [ts-standard src/utils.ts]
[32m✅ Linted [PYTHON] files with [pylint] successfully - (28.16s)[0m
- Using [pylint v4.0.5] https://megalinter.io/9.4.0/descriptors/python_pylint
- MegaLinter key: [PYTHON_PYLINT]
- Rules config: [.pylintrc]
- Number of files analyzed: [1]
- CWD: [/tmp/lint]
- Command: [pylint --rcfile /action/lib/.automation/.pylintrc python/main.py]

[32m✅ Linted [GO] files with [revive] successfully - (37.71s)[0m
- Using [revive v1.14.0] https://megalinter.io/9.4.0/descriptors/go_revive
- MegaLinter key: [GO_REVIVE]
- Rules config: identified by [revive]
- Number of files analyzed: [1]
- CWD: [/tmp/lint]
- Command: [revive -set_exit_status go/main.go]
[32m✅ Linted [REPOSITORY] files with [trivy] successfully - (44.74s)[0m
- Using [trivy v0.69.1] https://megalinter.io/9.4.0/descriptors/repository_trivy
- MegaLinter key: [REPOSITORY_TRIVY]
- Rules config: identified by [trivy]
- CWD: [/tmp/lint]
- Command: [trivy fs --scanners vuln,misconfig --exit-code 1 .]

[31m❌ Linted [GO] files with [golangci-lint]: Found 1 error(s) and 0 warning(s) - (45.57s)[0m
- Using [golangci-lint v2.10.1] https://megalinter.io/9.4.0/descriptors/go_golangci_lint
- MegaLinter key: [GO_GOLANGCI_LINT]
- Rules config: [.golangci.yml]
- CWD: [/tmp/lint]
- Command: [golangci-lint run -c /action/lib/.automation/.golangci.yml]
--Error detail:
../../../tmp/lint/go/main.go:72:1: File is not properly formatted (gofmt)
		body, err := io.ReadAll(resp.Body)
^
../../../tmp/lint/go/main.go:33:4: SA2001: empty critical section (staticcheck)
			mu.Unlock()
			^
../../../tmp/lint/go/main.go:65:6: func fetchData is unused (unused)
func fetchData(url string) string {
     ^
3 issues:
* gofmt: 1
* staticcheck: 1
* unused: 1
[[32m✅ Linted [REPOSITORY] files with [checkov] successfully - (54.75s)[0m
- Using [checkov v3.2.506] https://megalinter.io/9.4.0/descriptors/repository_checkov
- MegaLinter key: [REPOSITORY_CHECKOV]
- Rules config: [.checkov.yml]
- CWD: [/tmp/lint]
- Command: [checkov --directory . --config-file /action/lib/.automation/.checkov.yml][[32m✅ Linted [REPOSITORY] files with [grype] successfully - (78.27s)[0m
- Using [grype v0.109.0] https://megalinter.io/9.4.0/descriptors/repository_grype
- MegaLinter key: [REPOSITORY_GRYPE]
- Rules config: [.grype.yaml]
- CWD: [/tmp/lint]
- Command: [grype --config /action/lib/.automation/.grype.yaml dir:.]


+----SUMMARY----+--------------------------+---------------+-------+-------+--------+----------+--------------+
| Descriptor    | Linter                   | Mode          | Files | Fixed | Errors | Warnings | Elapsed time |
+---------------+--------------------------+---------------+-------+-------+--------+----------+--------------+
| ✅ ACTION     | actionlint               | list_of_files |     1 |       |      0 |        0 | 0.02s        |
| ✅ BASH       | bash-exec                | file          |     1 |       |      0 |        0 | 0.02s        |
| ✅ BASH       | shellcheck               | list_of_files |     1 |       |      0 |        0 | 0.02s        |
| ✅ BASH       | shfmt                    | list_of_files |     1 |       |      0 |        0 | 0.01s        |
| ✅ DOCKERFILE | hadolint                 | list_of_files |     1 |       |      0 |        0 | 0.09s        |
| ❌ GO         | golangci-lint            | project       |   n/a |       |      1 |        0 | 45.57s       |
| ✅ GO         | revive                   | list_of_files |     1 |       |      0 |        0 | 37.96s       |
| ✅ JAVA       | checkstyle               | list_of_files |     1 |       |      0 |        0 | 2.63s        |
| ✅ JAVA       | pmd                      | list_of_files |     1 |       |      0 |        0 | 4.83s        |
| ✅ JAVASCRIPT | standard                 | list_of_files |     1 |       |      0 |        0 | 15.99s       |
| ✅ JSON       | jsonlint                 | list_of_files |     2 |       |      0 |        0 | 0.21s        |
| ✅ JSON       | prettier                 | list_of_files |     2 |       |      0 |        0 | 1.04s        |
| ✅ JSON       | v8r                      | list_of_files |     2 |       |      0 |        0 | 9.82s        |
| ⚠️ MARKDOWN   | markdownlint             | list_of_files |     4 |       |     43 |        0 | 3.7s         |
| ✅ MARKDOWN   | markdown-table-formatter | list_of_files |     4 |       |      0 |        0 | 1.76s        |
| ✅ PYTHON     | bandit                   | list_of_files |     1 |       |      0 |        0 | 22.2s        |
| ✅ PYTHON     | black                    | list_of_files |     1 |       |      0 |        0 | 8.01s        |
| ✅ PYTHON     | flake8                   | list_of_files |     1 |       |      0 |        0 | 4.06s        |
| ✅ PYTHON     | isort                    | list_of_files |     1 |       |      0 |        0 | 4.9s         |
| ✅ PYTHON     | mypy                     | list_of_files |     1 |       |      0 |        0 | 15.8s        |
| ✅ PYTHON     | pylint                   | list_of_files |     1 |       |      0 |        0 | 28.16s       |
| ✅ PYTHON     | pyright                  | list_of_files |     1 |       |      0 |        0 | 5.13s        |
| ✅ PYTHON     | ruff                     | list_of_files |     1 |       |      0 |        0 | 0.4s         |
| ✅ REPOSITORY | checkov                  | project       |   n/a |       |      0 |        0 | 54.75s       |
| ✅ REPOSITORY | devskim                  | project       |   n/a |       |      0 |        0 | 1.93s        |
| ✅ REPOSITORY | dustilock                | project       |   n/a |       |      0 |        0 | 0.41s        |
| ✅ REPOSITORY | gitleaks                 | project       |   n/a |       |      0 |        0 | 0.48s        |
| ✅ REPOSITORY | git_diff                 | project       |   n/a |       |      0 |        0 | 0.01s        |
| ✅ REPOSITORY | grype                    | project       |   n/a |       |      0 |        0 | 78.27s       |
| ✅ REPOSITORY | kics                     | project       |   n/a |       |      0 |        0 | 23.36s       |
| ✅ REPOSITORY | kingfisher               | project       |   n/a |       |      0 |        0 | 6.69s        |
| ✅ REPOSITORY | secretlint               | project       |   n/a |       |      0 |        0 | 2.81s        |
| ✅ REPOSITORY | syft                     | project       |   n/a |       |      0 |        0 | 3.95s        |
| ✅ REPOSITORY | trivy                    | project       |   n/a |       |      0 |        0 | 44.74s       |
| ✅ REPOSITORY | trivy-sbom               | project       |   n/a |       |      0 |        0 | 0.59s        |
| ✅ REPOSITORY | trufflehog               | project       |   n/a |       |      0 |        0 | 3.61s        |
| ✅ TYPESCRIPT | ts-standard              | list_of_files |     1 |       |      0 |        0 | 15.73s       |
| ✅ YAML       | prettier                 | list_of_files |     3 |       |      0 |        0 | 0.39s        |
| ✅ YAML       | v8r                      | list_of_files |     3 |       |      0 |        0 | 7.72s        |
| ✅ YAML       | yamllint                 | list_of_files |     3 |       |      0 |        0 | 4.91s        |
+---------------+--------------------------+---------------+-------+-------+--------+----------+--------------+

[34mYour project could benefit from a custom flavor, which would allow you to run only the linters you need, and thus improve runtime performances. (Skip this info by defining `FLAVOR_SUGGESTIONS: false`)
[0m- Documentation: https://megalinter.io/9.4.0/custom-flavors/
- Command: `npx mega-linter-runner@9.4.0 --custom-flavor-setup --custom-flavor-linters PYTHON_PYLINT,PYTHON_BLACK,PYTHON_FLAKE8,PYTHON_ISORT,PYTHON_BANDIT,PYTHON_MYPY,PYTHON_PYRIGHT,PYTHON_RUFF,ACTION_ACTIONLINT,BASH_EXEC,BASH_SHELLCHECK,BASH_SHFMT,DOCKERFILE_HADOLINT,GO_GOLANGCI_LINT,GO_REVIVE,JAVA_CHECKSTYLE,JAVA_PMD,JAVASCRIPT_STANDARD,JSON_JSONLINT,JSON_V8R,JSON_PRETTIER,MARKDOWN_MARKDOWNLINT,MARKDOWN_MARKDOWN_TABLE_FORMATTER,REPOSITORY_CHECKOV,REPOSITORY_DEVSKIM,REPOSITORY_DUSTILOCK,REPOSITORY_GIT_DIFF,REPOSITORY_GITLEAKS,REPOSITORY_GRYPE,REPOSITORY_KICS,REPOSITORY_SECRETLINT,REPOSITORY_SYFT,REPOSITORY_TRIVY,REPOSITORY_TRIVY_SBOM,REPOSITORY_TRUFFLEHOG,REPOSITORY_KINGFISHER,TYPESCRIPT_STANDARD,YAML_PRETTIER,YAML_YAMLLINT,YAML_V8R`

[Updated Sources Reporter] copied 1 fixed source files in folder /tmp/lint/megalinter-reports/updated_sources.
[31m❌ Error(s) have been found during linting[0m
To disable linters or customize their checks, you can use a .mega-linter.yml file at the root of your repository
More info at https://megalinter.io/9.4.0/configuration/

