Results of markdownlint linter (version 0.47.0)
See documentation on https://megalinter.io/9.4.0/descriptors/markdown_markdownlint/
-----------------------------------------------

❌ [ERROR] for workspace /tmp/lint
Linter raw log:
docs/MEGALINTER_FIXES.md:8:1 error MD018/no-missing-space-atx No space after hash on atx style heading [Context: "#!|----------------|----------..."]
docs/MEGALINTER_FIXES.md:9:54 error MD009/no-trailing-spaces Trailing spaces [Expected: 0 or 2; Actual: 31]
docs/MEGALINTER_FIXES.md:10:54 error MD009/no-trailing-spaces Trailing spaces [Expected: 0 or 2; Actual: 31]
docs/MEGALINTER_FIXES.md:11:69 error MD009/no-trailing-spaces Trailing spaces [Expected: 0 or 2; Actual: 16]
docs/MEGALINTER_FIXES.md:12:78 error MD009/no-trailing-spaces Trailing spaces [Expected: 0 or 2; Actual: 7]
docs/MEGALINTER_FIXES.md:13:54 error MD009/no-trailing-spaces Trailing spaces [Expected: 0 or 2; Actual: 31]
docs/MEGALINTER_FIXES.md:14:76 error MD009/no-trailing-spaces Trailing spaces [Expected: 0 or 2; Actual: 9]
docs/MEGALINTER_FIXES.md:15:79 error MD009/no-trailing-spaces Trailing spaces [Expected: 0 or 2; Actual: 6]
docs/MEGALINTER_FIXES.md:16:80 error MD009/no-trailing-spaces Trailing spaces [Expected: 0 or 2; Actual: 5]
docs/MEGALINTER_FIXES.md:17:72 error MD009/no-trailing-spaces Trailing spaces [Expected: 0 or 2; Actual: 13]
docs/MEGALINTER_FIXES.md:18:79 error MD009/no-trailing-spaces Trailing spaces [Expected: 0 or 2; Actual: 6]
docs/MEGALINTER_FIXES.md:19:74 error MD009/no-trailing-spaces Trailing spaces [Expected: 0 or 2; Actual: 11]
docs/MEGALINTER_FIXES.md:20:80 error MD009/no-trailing-spaces Trailing spaces [Expected: 0 or 2; Actual: 5]
docs/MEGALINTER_FIXES.md:21:76 error MD009/no-trailing-spaces Trailing spaces [Expected: 0 or 2; Actual: 9]
docs/MEGALINTER_FIXES.md:22:70 error MD009/no-trailing-spaces Trailing spaces [Expected: 0 or 2; Actual: 15]
docs/MEGALINTER_FIXES.md:23:84 error MD009/no-trailing-spaces Trailing spaces [Expected: 0 or 2; Actual: 1]
docs/MEGALINTER_FIXES.md:24:79 error MD009/no-trailing-spaces Trailing spaces [Expected: 0 or 2; Actual: 6]
docs/MEGALINTER_FIXES.md:25:78 error MD009/no-trailing-spaces Trailing spaces [Expected: 0 or 2; Actual: 7]
docs/MEGALINTER_FIXES.md:26:70 error MD009/no-trailing-spaces Trailing spaces [Expected: 0 or 2; Actual: 15]
docs/MEGALINTER_FIXES.md:27:74 error MD009/no-trailing-spaces Trailing spaces [Expected: 0 or 2; Actual: 11]
docs/MEGALINTER_FIXES.md:213 error MD024/no-duplicate-heading Multiple headings with the same content [Context: "After (Fix Branch - All Fixed)"]
docs/MEGALINTER_FIXES.md:299 error MD024/no-duplicate-heading Multiple headings with the same content [Context: "Key Fixes Applied"]
docs/MEGALINTER_FIXES.md:343 error MD024/no-duplicate-heading Multiple headings with the same content [Context: "After (Fix Branch - All Fixed)"]
docs/MEGALINTER_FIXES.md:369 error MD024/no-duplicate-heading Multiple headings with the same content [Context: "Key Fixes Applied"]
docs/MEGALINTER_FIXES.md:415 error MD024/no-duplicate-heading Multiple headings with the same content [Context: "After (Fix Branch - All Fixed)"]
docs/MEGALINTER_FIXES.md:443 error MD024/no-duplicate-heading Multiple headings with the same content [Context: "Key Fixes Applied"]
docs/MEGALINTER_FIXES.md:489 error MD024/no-duplicate-heading Multiple headings with the same content [Context: "After (Fix Branch - All Fixed)"]
docs/MEGALINTER_FIXES.md:527 error MD024/no-duplicate-heading Multiple headings with the same content [Context: "Key Fixes Applied"]
docs/MEGALINTER_FIXES.md:563 error MD024/no-duplicate-heading Multiple headings with the same content [Context: "After (Fix Branch - All Fixed)"]
docs/MEGALINTER_FIXES.md:586 error MD024/no-duplicate-heading Multiple headings with the same content [Context: "Key Fixes Applied"]
docs/MEGALINTER_FIXES.md:623 error MD024/no-duplicate-heading Multiple headings with the same content [Context: "After (Fix Branch - All Fixed)"]
docs/MEGALINTER_FIXES.md:660 error MD024/no-duplicate-heading Multiple headings with the same content [Context: "Key Fixes Applied"]
docs/MEGALINTER_FIXES.md:677 error MD040/fenced-code-language Fenced code blocks should have a language specified [Context: "```"]
docs/MEGALINTER_FIXES.md:686 error MD024/no-duplicate-heading Multiple headings with the same content [Context: "After (Fix Branch - All Fixed)"]
docs/MEGALINTER_FIXES.md:696 error MD040/fenced-code-language Fenced code blocks should have a language specified [Context: "```"]
docs/MEGALINTER_FIXES.md:726 error MD024/no-duplicate-heading Multiple headings with the same content [Context: "After (Fix Branch - All Fixed)"]
docs/MEGALINTER_FIXES.md:749 error MD024/no-duplicate-heading Multiple headings with the same content [Context: "Key Fixes Applied"]
docs/MEGALINTER_FIXES.md:784 error MD024/no-duplicate-heading Multiple headings with the same content [Context: "After (Fix Branch - All Fixed)"]
docs/MEGALINTER_FIXES.md:821 error MD024/no-duplicate-heading Multiple headings with the same content [Context: "Key Fixes Applied"]
docs/MEGALINTER_FIXES.md:856 error MD024/no-duplicate-heading Multiple headings with the same content [Context: "After (Fix Branch - All Fixed)"]
docs/MEGALINTER_FIXES.md:876 error MD024/no-duplicate-heading Multiple headings with the same content [Context: "Key Fixes Applied"]
README.md:15 error MD040/fenced-code-language Fenced code blocks should have a language specified [Context: "```"]
README.md:67 error MD040/fenced-code-language Fenced code blocks should have a language specified [Context: "```"]

